// Jest Snapshot v1, https://goo.gl/fbAQLP

exports[`Mission items Mission container items renders as expected 1`] = `
<section>
  <table>
    <tbody>
      <tr>
        <td
          className="table-header"
        >
          <strong>
            Mission
          </strong>
        </td>
        <td
          className="table-header"
        >
          <strong>
            Description
          </strong>
        </td>
        <td
          className="table-header"
        >
          <strong>
            Status
          </strong>
        </td>
        <td
          className="table-header"
        >
          Â 
        </td>
      </tr>
    </tbody>
  </table>
</section>
`;
